  x To use "use cache", please enable the feature flag `cacheComponents` in your Next.js config.
  | 
  | Read more: https://nextjs.org/docs/canary/app/api-reference/directives/use-cache#usage
  | 
   ,-[input.js:1:1]
 1 | 'use cache'
   : ^^^^^^^^^^^
   `----
